// Jest Snapshot v1, https://goo.gl/fbAQLP

exports[`<Base /> should render 1`] = `
.c12 {
  padding-top: 5.4rem;
}

.c7 {
  color: #0A1128;
  text-transform: uppercase;
  font-size: 2.4rem;
}

.c16 {
  color: #0A1128;
  text-transform: uppercase;
  font-size: 6.4rem;
}

.c22 {
  color: #0A1128;
  text-transform: none;
  font-size: 3.2rem;
}

.c24 {
  color: #FFFFFF;
  text-transform: uppercase;
  font-size: 6.4rem;
}

.c25 {
  color: #FFFFFF;
  text-transform: none;
  font-size: 3.2rem;
}

.c9 {
  -webkit-text-decoration: none;
  text-decoration: none;
  color: inherit;
  display: -webkit-box;
  display: -webkit-flex;
  display: -ms-flexbox;
  display: flex;
  -webkit-align-items: center;
  -webkit-box-align: center;
  -ms-flex-align: center;
  align-items: center;
}

.c4 {
  max-width: 120rem;
  margin: 0 auto;
  padding: 3.2rem;
  width: 100%;
  position: relative;
}

.c2 {
  position: fixed;
  z-index: 5;
  top: 0;
  left: 0;
  right: 0;
  width: 100%;
  border-bottom: #DDDDDD;
  background: #FFFFFF;
  -webkit-transition: all 300ms ease-in-out;
  transition: all 300ms ease-in-out;
}

.c2 .c8 {
  margin: 0;
}

.c2 .c3 {
  padding-top: 0;
  padding-bottom: 0;
}

.c5 {
  display: -webkit-box;
  display: -webkit-flex;
  display: -ms-flexbox;
  display: flex;
  -webkit-box-pack: justify;
  -webkit-justify-content: space-between;
  -ms-flex-pack: justify;
  justify-content: space-between;
  -webkit-align-items: center;
  -webkit-box-align: center;
  -ms-flex-align: center;
  align-items: center;
  max-height: 5rem;
}

.c0 {
  z-index: 6;
  position: fixed;
  top: 2rem;
  right: 2rem;
  width: 4rem;
  height: 4rem;
  background-color: #0A1128 color:#FFFFFF;
  border: none;
  display: none;
  pointer-events: all;
}

.c11 {
  display: block;
  -webkit-text-decoration: none;
  text-decoration: none;
  font-size: 1.6rem;
  padding: 1.6rem;
  color: #0A1128;
  position: relative;
}

.c11::after {
  content: '';
  position: absolute;
  bottom: 15%;
  left: 50%;
  width: 0;
  height: 0.2rem;
  background: #dc143c;
  -webkit-transition: all 300ms ease-in-out;
  transition: all 300ms ease-in-out;
}

.c11:hover::after {
  left: 25%;
  width: 50%;
}

.c10 {
  display: -webkit-box;
  display: -webkit-flex;
  display: -ms-flexbox;
  display: flex;
  -webkit-flex-flow: row wrap;
  -ms-flex-flow: row wrap;
  flex-flow: row wrap;
}

.c1 {
  display: inline-block;
  vertical-align: middle;
  overflow: hidden;
}

.c18 {
  font-size: 2.4rem;
}

.c26 {
  text-align: center;
  font-size: 1.6rem;
  border-top: 0.1rem solid #DDDDDD;
  background-color: white;
}

.c26 a {
  color: inherit;
  -webkit-text-decoration: none;
  text-decoration: none;
  font-size: 1.6rem;
}

.c26 .c17 {
  font-size: 1.6rem;
}

.c26 .c3 {
  padding-top: 0;
  padding-bottom: 0;
}

.c27 {
  position: fixed;
  background: #0A1128;
  color: #FFFFFF;
  display: -webkit-box;
  display: -webkit-flex;
  display: -ms-flexbox;
  display: flex;
  -webkit-align-items: center;
  -webkit-box-align: center;
  -ms-flex-align: center;
  align-items: center;
  -webkit-box-pack: center;
  -webkit-justify-content: center;
  -ms-flex-pack: center;
  justify-content: center;
  width: 4rem;
  height: 4rem;
  right: 2rem;
  bottom: 2rem;
  z-index: 6;
  opacity: 0.8;
  border-radius: 50%;
}

.c20 {
  counter-reset: grid-counter;
  display: grid;
  grid-template-columns: repeat(auto-fill,minmax(280px,1fr));
  gap: 3.2rem;
  width: 100%;
  overflow: hidden;
}

.c20 .c17 {
  margin-bottom: 6.4rem;
}

.c21 .c6 {
  position: relative;
  left: 5rem;
}

.c21 .c6::before {
  counter-increment: grid-counter;
  content: counter(grid-counter);
  position: absolute;
  font-size: 7rem;
  top: -3rem;
  left: -5rem;
  -webkit-transform: rotate(10deg);
  -ms-transform: rotate(10deg);
  transform: rotate(10deg);
}

.c13 {
  background: #FFFFFF;
  color: #0A1128;
  min-height: 100vh;
  display: -webkit-box;
  display: -webkit-flex;
  display: -ms-flexbox;
  display: flex;
  -webkit-align-items: center;
  -webkit-box-align: center;
  -ms-flex-align: center;
  align-items: center;
}

.c23 {
  background: #FFFFFF;
  color: #0A1128;
  color: #FFFFFF;
  background: #0A1128;
  min-height: 100vh;
  display: -webkit-box;
  display: -webkit-flex;
  display: -ms-flexbox;
  display: flex;
  -webkit-align-items: center;
  -webkit-box-align: center;
  -ms-flex-align: center;
  align-items: center;
}

.c14 {
  display: grid;
  grid-template-columns: 1fr 2fr;
  -webkit-align-items: center;
  -webkit-box-align: center;
  -ms-flex-align: center;
  align-items: center;
  gap: 3.2rem;
}

.c14 .c6 {
  margin-bottom: 4.0rem;
}

.c19 {
  width: 100%;
}

@media (max-width:768px) {
  .c12 {
    padding-top: 0;
  }
}

@media (max-width:768px) {
  .c16 {
    font-size: 4.0rem;
  }
}

@media (max-width:768px) {
  .c24 {
    font-size: 4.0rem;
  }
}

@media (max-width:768px) {
  .c2 {
    height: 100vh;
    opacity: 0;
    visibility: hidden;
  }

  .c2 .c3 {
    display: grid;
    grid-template-columns: 1fr;
    grid-template-rows: 1fr;
    height: 100vh;
    -webkit-align-items: center;
    -webkit-box-align: center;
    -ms-flex-align: center;
    align-items: center;
    overflow-y: auto;
  }

  .c2 .c6 {
    padding-bottom: 3.2rem;
    display: -webkit-box;
    display: -webkit-flex;
    display: -ms-flexbox;
    display: flex;
    -webkit-box-pack: center;
    -webkit-justify-content: center;
    -ms-flex-pack: center;
    justify-content: center;
  }
}

@media (max-width:768px) {
  .c5 {
    max-height: 100vh;
    display: block;
    text-align: center;
    padding: 4.8rem 0;
  }
}

@media (max-width:768px) {
  .c0 {
    display: -webkit-box;
    display: -webkit-flex;
    display: -ms-flexbox;
    display: flex;
    -webkit-align-items: center;
    -webkit-box-align: center;
    -ms-flex-align: center;
    align-items: center;
    -webkit-box-pack: center;
    -webkit-justify-content: center;
    -ms-flex-pack: center;
    justify-content: center;
  }

  .c0 > svg {
    width: 2.5rem;
    height: 2.5rem;
  }
}

@media (max-width:768px) {
  .c10 {
    -webkit-flex-flow: column nowrap;
    -ms-flex-flow: column nowrap;
    flex-flow: column nowrap;
    -webkit-align-items: center;
    -webkit-box-align: center;
    -ms-flex-align: center;
    align-items: center;
  }
}

@media (max-width:768px) {
  .c20 {
    grid-template-columns: 1fr;
  }
}

@media (max-width:768px) {
  .c14 {
    grid-template-columns: 1fr;
  }
}

@media (max-width:768px) {
  .c15 {
    margin-bottom: 3.2rem;
  }
}

<div>
  <button
    aria-label="Open/Close menu"
    class="c0"
  >
    <svg
      aria-hidden="true"
      aria-label="Open menu"
      class="c1"
      fill="currentColor"
      focusable="false"
      viewBox="0 0 24 24"
      xmlns="http://www.w3.org/2000/svg"
    >
      <path
        d="M0 0h24v24H0V0z"
        fill="none"
      />
      <path
        d="M3 18h18v-2H3v2zm0-5h18v-2H3v2zm0-7v2h18V6H3z"
      />
    </svg>
  </button>
  <div
    class="c2"
  >
    <section
      class="c3 c4"
    >
      <div
        class="c5"
      >
        <h1
          class="c6 c7"
        >
          <a
            class="c8 c9"
            href="#"
          />
        </h1>
        <nav
          aria-label="Main menu"
          class="c10"
        >
          <a
            class="c11"
            href="#target1"
            target="_self"
          >
            link 1
          </a>
          <a
            class="c11"
            href="#target2"
            target="_self"
          >
            link 2
          </a>
          <a
            class="c11"
            href="#target3"
            target="_self"
          >
            link 3
          </a>
          <a
            class="c11"
            href="#target4"
            target="_self"
          >
            link 4
          </a>
          <a
            class="c11"
            href="#target5"
            target="_self"
          >
            link 5
          </a>
          <a
            class="c11"
            href="#target6"
            target="_self"
          >
            link 6
          </a>
          <a
            class="c11"
            href="#target7"
            target="_self"
          >
            link 7
          </a>
          <a
            class="c11"
            href="#target8"
            target="_self"
          >
            link 8
          </a>
          <a
            class="c11"
            href="#target9"
            target="_self"
          >
            link 9
          </a>
          <a
            class="c11"
            href="#target10"
            target="_self"
          >
            link 10
          </a>
        </nav>
      </div>
    </section>
  </div>
  <div
    class="c12"
  >
    <div
      class="c13"
      id=""
    >
      <section
        class="c3 c4"
      >
        <div
          class="c14"
        >
          <div
            class="c15"
          >
            <h2
              class="c6 c16"
            >
              titulo
            </h2>
            <div
              class="c17 c18"
            >
              Lorem, ipsum dolor sit amet consectetur adipisicing elit. Doloribus repellat temporibus dicta facilis fugiat corporis adipisci molestias beatae voluptate iure voluptates iste qui possimus accusamus, laudantium aspernatur animi aliquam. Minima.
            </div>
          </div>
          <div
            class=""
          >
            <img
              alt="titulo"
              class="c19"
              src="assets/images/analytics_re_wxt8.svg"
            />
          </div>
        </div>
      </section>
    </div>
    <div
      class=""
    >
      <div
        class="c13"
        id=""
      >
        <section
          class="c3 c4"
        >
          <h2
            class="c6 c16"
          >
            My grid
          </h2>
          <div
            class="c17 c18"
          >
            Atque doloribus nobis laudantium esse ut, non commodi maxime distinctio veritatis unde
          </div>
          <div
            class="c20"
          >
            <div
              class="c21"
            >
              <h3
                class="c6 c22"
              >
                Teste 1
              </h3>
              <div
                class="c17 c18"
              >
                Lorem ipsum dolor sit, amet consectetur adipisicing elit. Debitis cum delectus molestias. Atque doloribus nobis laudantium esse ut, non commodi maxime distinctio veritatis unde, reprehenderit minus ad dolores provident maiores.
              </div>
            </div>
            <div
              class="c21"
            >
              <h3
                class="c6 c22"
              >
                Teste 2
              </h3>
              <div
                class="c17 c18"
              >
                Lorem ipsum dolor sit, amet consectetur adipisicing elit. Debitis cum delectus molestias. Atque doloribus nobis laudantium esse ut, non commodi maxime distinctio veritatis unde, reprehenderit minus ad dolores provident maiores.
              </div>
            </div>
            <div
              class="c21"
            >
              <h3
                class="c6 c22"
              >
                Teste 3
              </h3>
              <div
                class="c17 c18"
              >
                Lorem ipsum dolor sit, amet consectetur adipisicing elit. Debitis cum delectus molestias. Atque doloribus nobis laudantium esse ut, non commodi maxime distinctio veritatis unde, reprehenderit minus ad dolores provident maiores.
              </div>
            </div>
          </div>
        </section>
      </div>
    </div>
    <div
      class=""
    >
      <div
        class="c23"
        id=""
      >
        <section
          class="c3 c4"
        >
          <h2
            class="c6 c24"
          >
            My grid
          </h2>
          <div
            class="c17 c18"
          >
            Atque doloribus nobis laudantium esse ut, non commodi maxime distinctio veritatis unde
          </div>
          <div
            class="c20"
          >
            <div
              class="c21"
            >
              <h3
                class="c6 c25"
              >
                Teste 1
              </h3>
              <div
                class="c17 c18"
              >
                Lorem ipsum dolor sit, amet consectetur adipisicing elit. Debitis cum delectus molestias. Atque doloribus nobis laudantium esse ut, non commodi maxime distinctio veritatis unde, reprehenderit minus ad dolores provident maiores.
              </div>
            </div>
            <div
              class="c21"
            >
              <h3
                class="c6 c25"
              >
                Teste 2
              </h3>
              <div
                class="c17 c18"
              >
                Lorem ipsum dolor sit, amet consectetur adipisicing elit. Debitis cum delectus molestias. Atque doloribus nobis laudantium esse ut, non commodi maxime distinctio veritatis unde, reprehenderit minus ad dolores provident maiores.
              </div>
            </div>
            <div
              class="c21"
            >
              <h3
                class="c6 c25"
              >
                Teste 3
              </h3>
              <div
                class="c17 c18"
              >
                Lorem ipsum dolor sit, amet consectetur adipisicing elit. Debitis cum delectus molestias. Atque doloribus nobis laudantium esse ut, non commodi maxime distinctio veritatis unde, reprehenderit minus ad dolores provident maiores.
              </div>
            </div>
          </div>
        </section>
      </div>
    </div>
    <div
      class=""
    >
      <div
        class="c13"
        id=""
      >
        <section
          class="c3 c4"
        >
          <h2
            class="c6 c16"
          >
            My grid
          </h2>
          <div
            class="c17 c18"
          >
            Atque doloribus nobis laudantium esse ut, non commodi maxime distinctio veritatis unde
          </div>
          <div
            class="c20"
          >
            <div
              class="c21"
            >
              <h3
                class="c6 c22"
              >
                Teste 1
              </h3>
              <div
                class="c17 c18"
              >
                Lorem ipsum dolor sit, amet consectetur adipisicing elit. Debitis cum delectus molestias. Atque doloribus nobis laudantium esse ut, non commodi maxime distinctio veritatis unde, reprehenderit minus ad dolores provident maiores.
              </div>
            </div>
            <div
              class="c21"
            >
              <h3
                class="c6 c22"
              >
                Teste 2
              </h3>
              <div
                class="c17 c18"
              >
                Lorem ipsum dolor sit, amet consectetur adipisicing elit. Debitis cum delectus molestias. Atque doloribus nobis laudantium esse ut, non commodi maxime distinctio veritatis unde, reprehenderit minus ad dolores provident maiores.
              </div>
            </div>
            <div
              class="c21"
            >
              <h3
                class="c6 c22"
              >
                Teste 3
              </h3>
              <div
                class="c17 c18"
              >
                Lorem ipsum dolor sit, amet consectetur adipisicing elit. Debitis cum delectus molestias. Atque doloribus nobis laudantium esse ut, non commodi maxime distinctio veritatis unde, reprehenderit minus ad dolores provident maiores.
              </div>
            </div>
          </div>
        </section>
      </div>
    </div>
    <div
      class=""
    >
      <div
        class="c23"
        id=""
      >
        <section
          class="c3 c4"
        >
          <h2
            class="c6 c24"
          >
            My grid
          </h2>
          <div
            class="c17 c18"
          >
            Atque doloribus nobis laudantium esse ut, non commodi maxime distinctio veritatis unde
          </div>
          <div
            class="c20"
          >
            <div
              class="c21"
            >
              <h3
                class="c6 c25"
              >
                Teste 1
              </h3>
              <div
                class="c17 c18"
              >
                Lorem ipsum dolor sit, amet consectetur adipisicing elit. Debitis cum delectus molestias. Atque doloribus nobis laudantium esse ut, non commodi maxime distinctio veritatis unde, reprehenderit minus ad dolores provident maiores.
              </div>
            </div>
            <div
              class="c21"
            >
              <h3
                class="c6 c25"
              >
                Teste 2
              </h3>
              <div
                class="c17 c18"
              >
                Lorem ipsum dolor sit, amet consectetur adipisicing elit. Debitis cum delectus molestias. Atque doloribus nobis laudantium esse ut, non commodi maxime distinctio veritatis unde, reprehenderit minus ad dolores provident maiores.
              </div>
            </div>
            <div
              class="c21"
            >
              <h3
                class="c6 c25"
              >
                Teste 3
              </h3>
              <div
                class="c17 c18"
              >
                Lorem ipsum dolor sit, amet consectetur adipisicing elit. Debitis cum delectus molestias. Atque doloribus nobis laudantium esse ut, non commodi maxime distinctio veritatis unde, reprehenderit minus ad dolores provident maiores.
              </div>
            </div>
          </div>
        </section>
      </div>
    </div>
    <div
      class="c26"
    >
      <section
        class="c3 c4"
      >
        <div
          class="c17 c18"
        >
          <p>
            footer
          </p>
        </div>
      </section>
    </div>
  </div>
  <a
    class="c27"
    href="#"
    target="_self"
    title="Go to top"
  >
    <svg
      aria-hidden="true"
      class="c1"
      fill="currentColor"
      focusable="false"
      viewBox="0 0 24 24"
      xmlns="http://www.w3.org/2000/svg"
    >
      <path
        d="M0 0h24v24H0V0z"
        fill="none"
      />
      <path
        d="m7 14 5-5 5 5H7z"
      />
    </svg>
  </a>
</div>
`;
