// Jest Snapshot v1, https://goo.gl/fbAQLP

exports[`map-data should return correct values 1`] = `
[
  {
    "footerHtml": "feito com carinho por BrianRonin",
    "menu": {
      "link": "#index",
      "links": [
        {
          "Link": "#why-us",
          "children": "why us",
          "newTab": false,
        },
        {
          "Link": "#grid-one",
          "children": "grid one",
          "newTab": false,
        },
        {
          "Link": "#index",
          "children": "intro",
          "newTab": false,
        },
      ],
      "srcImg": "https://res.cloudinary.com/brianronin/image/upload/v1661544963/landing_page_2_c6baa21725_db7d79cda1.svg",
      "text": "Logo",
    },
    "sections": [
      {
        "background": true,
        "component": "section.section-two-columns",
        "id": "index",
        "name": "index",
        "srcImg": "https://res.cloudinary.com/brianronin/image/upload/v1661488338/analytics_re_wxt8_1920e22fe3.svg",
        "text": "uma breve desc",
        "title": "titulo qualquer",
      },
      {
        "background": false,
        "component": "section.section-content",
        "html": "Lorem Ipsum is **simply dummy t**ext of the printing and typesetting industry. Lorem Ipsum has been the industry's standard dummy text ever since _the 1500s, _when an unknown printer

Lorem Ipsum is simply dummy text of the printing and typesetting industry. Lorem Ipsum has been the industry's standard dummy text ever since the 1500s, when an unknown printer

Lorem Ipsum is simply dummy text of the printing and typesetting industry. Lorem Ipsum has been the industry's standard dummy text ever since the 1500s, when an unknown printer",
        "id": "why-us",
        "name": "why-us",
        "title": "Titulo qualquer",
      },
      {
        "background": true,
        "component": "section.section-grid-text",
        "description": "all works",
        "grid": [
          {
            "description": "Lorem Ipsum is simply dummy text of the printing and typesetting industry. Lorem Ipsum has been the industry's standard dummy text ever since the 1500s, when an unknown printer took a galley of type and scrambled it to make ",
            "title": "titulo 1",
          },
          {
            "description": "Lorem Ipsum is simply dummy text of the printing and typesetting industry. Lorem Ipsum has been the industry's standard dummy text ever since the 1500s, when an unknown printer took a galley of type and scrambled it to make ",
            "title": "titulo 2",
          },
          {
            "description": "Lorem Ipsum is simply dummy text of the printing and typesetting industry. Lorem Ipsum has been the industry's standard dummy text ever since the 1500s, when an unknown printer took a galley of type and scrambled it to make ",
            "title": "titulo 3",
          },
        ],
        "id": "grid-one",
        "name": "grid-one",
        "title": "works",
      },
    ],
    "slug": "minha-pagina",
    "title": "minha pagina",
  },
  {
    "footerHtml": "feito com carinho por BrianRonin",
    "menu": {
      "link": "#index",
      "links": [
        {
          "Link": "#why-us",
          "children": "why us",
          "newTab": false,
        },
        {
          "Link": "#grid-one",
          "children": "grid one",
          "newTab": false,
        },
        {
          "Link": "#index",
          "children": "intro",
          "newTab": false,
        },
      ],
      "srcImg": "https://res.cloudinary.com/brianronin/image/upload/v1661544963/landing_page_2_c6baa21725_db7d79cda1.svg",
      "text": "Logo",
    },
    "sections": [
      {
        "background": true,
        "component": "section.section-two-columns",
        "id": "index",
        "name": "index",
        "srcImg": "https://res.cloudinary.com/brianronin/image/upload/v1661488338/analytics_re_wxt8_1920e22fe3.svg",
        "text": "uma breve desc",
        "title": "titulo qualquer",
      },
      {
        "background": false,
        "component": "section.section-content",
        "html": "Lorem Ipsum is **simply dummy t**ext of the printing and typesetting industry. Lorem Ipsum has been the industry's standard dummy text ever since _the 1500s, _when an unknown printer

Lorem Ipsum is simply dummy text of the printing and typesetting industry. Lorem Ipsum has been the industry's standard dummy text ever since the 1500s, when an unknown printer

Lorem Ipsum is simply dummy text of the printing and typesetting industry. Lorem Ipsum has been the industry's standard dummy text ever since the 1500s, when an unknown printer",
        "id": "why-us",
        "name": "why-us",
        "title": "Titulo qualquer",
      },
      {
        "background": true,
        "component": "section.section-grid-image",
        "description": "all works",
        "grid": [
          "https://res.cloudinary.com/brianronin/image/upload/v1662772483/800x800_78230a377d.jpg",
          "https://res.cloudinary.com/brianronin/image/upload/v1662772500/800x800_6c695611a0.jpg",
          "https://res.cloudinary.com/brianronin/image/upload/v1662772516/800x800_9267725d72.jpg",
          "https://res.cloudinary.com/brianronin/image/upload/v1662772355/800x800_ee870b345a.jpg",
        ],
        "id": "grid-one",
        "name": "grid-one",
        "title": "works",
      },
    ],
    "slug": "minha-pagina2",
    "title": "minha pagina2",
  },
]
`;
